[www.softwaresuggest.com/compare/toppr-vs-byjus.html]
[www.softwaresuggest.com/compare/byjus-vs-unacademy.html]
[www.softwaresuggest.com/compare/toppr-vs-unacademy.html]
[www.softwaresuggest.com/compare/toppr-vs-cuemath.html]
[www.softwaresuggest.com/compare/byjus-vs-cuemath.html]
[www.googleoptimize.com/optimizecc2e.js]
[www.softwaresuggest.com/assets2/js/lazysizes.min.js]
[www.softwaresuggest.com/assets2/css/newcss/other1954.css]
[www.softwaresuggest.com/assets2/css/bootstrap.min_v000d3cb.css]
[www.softwaresuggest.com/assets2/js/bootstrap.mind3cb.js]
[backblue.gif]
[fade.gif]
[index.html]
[www.softwaresuggest.com/css/style_compare_product5d55.css]
[www.softwaresuggest.com/assets2/img/fevicon.png]
[www.google-analytics.com/analytics.js]
[www.googletagservices.com/tag/js/gpt.js]
[cdn.pagesense.io/js/callhippo/00f94549c9564cebb1a1db0bd87cad52.js]
[d1myhw8pp24x4f.cloudfront.net/software_logo/1504587706_toppr-logo_mid.png]
[www.softwaresuggest.com/compare/1504587688_toppr-home.png]
[d1myhw8pp24x4f.cloudfront.net/software_logo/1504591100_BYJUS-logo_mid.png]
[www.softwaresuggest.com/compare/1504591080_BYJUS-home.png]
[d1myhw8pp24x4f.cloudfront.net/software_logo/1494403563_TalentRecruit Logo_mid.gif]
[www.softwaresuggest.com/award_logo/User-Recommended-DARK.png]
[www.softwaresuggest.com/compare/1494407802_Advanced Applicant Tracking.15.delayed]
[d2t60rd7vcv5ly.cloudfront.net/latest_screenshots/1504587688_toppr-home.png]
[d2t60rd7vcv5ly.cloudfront.net/latest_screenshots/1504587692_toppr-video lecture.png]
[d2t60rd7vcv5ly.cloudfront.net/latest_screenshots/1504587697_toppr-practice question.png]
[d2t60rd7vcv5ly.cloudfront.net/latest_screenshots/1504587701_toppr-doubts.png]
[d2t60rd7vcv5ly.cloudfront.net/latest_screenshots/1504591080_BYJUS-home.png]
[d2t60rd7vcv5ly.cloudfront.net/latest_screenshots/1504591086_BYJUS-homepage.png]
[d2t60rd7vcv5ly.cloudfront.net/latest_screenshots/1504591091_BYJUS-syllabus.png]
[d2t60rd7vcv5ly.cloudfront.net/latest_screenshots/1504591096_BYJUS-Basic subject.png]
[d2t60rd7vcv5ly.cloudfront.net/latest_screenshots/1494407802_Advanced Applicant Tracking.png]
[d2t60rd7vcv5ly.cloudfront.net/latest_screenshots/1494407808_CRM For Staffing Firms.png]
[d2t60rd7vcv5ly.cloudfront.net/latest_screenshots/1494407814_Employee Onboarding.jpg]
[d2t60rd7vcv5ly.cloudfront.net/latest_screenshots/1494407819_User Friendly & Intuitive.jpg]
[img.youtube.com/vi/8WOdRZHgn3A/sddefault.jpg]
[img.youtube.com/vi/z8deq-zdaIg/sddefault.jpg]
[img.youtube.com/vi/nAjUUdOKbjQ/sddefault.jpg]
[ajax.googleapis.com/ajax/libs/jquery/3.2.0/jquery.min.js]
[www.softwaresuggest.com/assets2/img/footer_all_icona139.png]
[www.softwaresuggest.com/assets2/img/happycustomer/popup_stripea139.png]
[www.softwaresuggest.com/img/shield.png]
[www.softwaresuggest.com/assets2/img/ajax-loader.gif]
[www.softwaresuggest.com/js/detect.js]
[www.softwaresuggest.com/assets2/js/custom/profileb125.js]
[www.softwaresuggest.com/assets2/js/custom/js_one7e68.js]
[www.softwaresuggest.com/js/pages/compare_view6b4b.js]
[www.softwaresuggest.com/assets2/js/custom/common29a9.js]
[www.softwaresuggest.com/assets2/js/custom/ga_event4908.js]
[www.softwaresuggest.com/compare/toppr-vs-byjus.html]
[static.cloudflareinsights.com/beacon.min.js]
[d1myhw8pp24x4f.cloudfront.net/software_logo/1574942552_Unacademy_mid.jpg]
[www.softwaresuggest.com/compare/byjus-vs-unacademy.html]
[d1myhw8pp24x4f.cloudfront.net/software_logo/1580453399_Parentsalarm_mid.png]
[www.softwaresuggest.com/compare/1580453387_parentsalarm_screenshot.png]
[d2t60rd7vcv5ly.cloudfront.net/latest_screenshots/1580453387_parentsalarm_screenshot.png]
[www.softwaresuggest.com/compare/toppr-vs-unacademy.html]
[d1myhw8pp24x4f.cloudfront.net/software_logo/1504612739_cuemath-logo_mid.png]
[www.softwaresuggest.com/compare/1504612710_cuemath-home.png]
[d2t60rd7vcv5ly.cloudfront.net/latest_screenshots/1504612710_cuemath-home.png]
[d2t60rd7vcv5ly.cloudfront.net/latest_screenshots/1504612717_cuemath-welcome page.png]
[d2t60rd7vcv5ly.cloudfront.net/latest_screenshots/1504612723_cuemath-scr1.png]
[d2t60rd7vcv5ly.cloudfront.net/latest_screenshots/1504612728_cuemath-scr2.png]
[d2t60rd7vcv5ly.cloudfront.net/latest_screenshots/1504612733_cuemath-scr3.png]
[img.youtube.com/vi/wrjgoUG1xGc/sddefault.jpg]
[www.softwaresuggest.com/compare/toppr-vs-cuemath.html]
[www.softwaresuggest.com/compare/byjus-vs-cuemath.html]
[www.softwaresuggest.com/assets2/css/newcss/flags.png]
[www.softwaresuggest.com/assets2/css/newcss/flags@2x.png]
[www.softwaresuggest.com/assets2/css/newcss/material_icon_font.woff2]
[www.softwaresuggest.com/assets2/css/newcss/fancybox_sprite.41.delayed]
[www.softwaresuggest.com/assets2/css/newcss/fancybox_loading.gif]
[www.softwaresuggest.com/assets2/css/newcss/blank.gif]
[www.softwaresuggest.com/assets2/css/newcss/fancybox_sprite@2x.png]
[www.softwaresuggest.com/assets2/css/newcss/fancybox_loading@2x.gif]
[www.softwaresuggest.com/assets2/css/newcss/images/animated-overlay.gif]
[www.softwaresuggest.com/assets2/css/newcss/images/ui-bg_highlight-soft_75_cccccc_1x100.png]
[www.softwaresuggest.com/assets2/css/newcss/images/ui-bg_glass_75_e6e6e6_1x400.png]
[www.softwaresuggest.com/assets2/css/newcss/images/ui-bg_glass_75_dadada_1x400.png]
[www.softwaresuggest.com/assets2/css/newcss/images/ui-bg_glass_65_ffffff_1x400.png]
[www.softwaresuggest.com/assets2/css/newcss/images/ui-bg_glass_55_fbf9ee_1x400.png]
[www.softwaresuggest.com/assets2/css/newcss/images/ui-bg_glass_95_fef1ec_1x400.png]
[www.softwaresuggest.com/assets2/css/newcss/images/ui-icons_222222_256x240.png]
[www.softwaresuggest.com/assets2/css/newcss/images/ui-icons_888888_256x240.png]
[www.softwaresuggest.com/assets2/css/newcss/images/ui-icons_454545_256x240.png]
[www.softwaresuggest.com/assets2/css/newcss/images/ui-icons_2e83ff_256x240.png]
[www.softwaresuggest.com/assets2/css/newcss/images/ui-icons_cd0a0a_256x240.png]
[www.softwaresuggest.com/assets2/css/newcss/images/ui-bg_flat_0_aaaaaa_40x100.png]
[getmdl.io/assets/demos/dog.png]
[www.softwaresuggest.com/assets2/css/newcss/other1954.css]
[www.softwaresuggest.com/assets2/css/bootstrap.min_v000d3cb.css]
[www.softwaresuggest.com/css/style_compare_product5d55.css]
[www.softwaresuggest.com/compare/zps-push]
[www.softwaresuggest.com/compare/e]
[www.softwaresuggest.com/pslog.gif]
[www.softwaresuggest.com/compare/szukaj.onet.pl]
[pagesense-collect.zoho.com/pagesense/initializer/variationPreviewer.js]
[www.softwaresuggest.com/compare/heatmapscript-3019d342aa_.js]
[www.softwaresuggest.com/compare/funnel-analysis-20a2ff8b45_.js]
[www.softwaresuggest.com/compare/sessionrecording-b236b6b57e_.js]
[www.softwaresuggest.com/compare/framePageNew-01d072f094_.html]
[www.softwaresuggest.com/compare/formanalytics-bc8a44d39d_.js]
[www.softwaresuggest.com/compare/privacy-banner-3cdaa1d368_.js]
[www.softwaresuggest.com/compare/poll-397f239d75_.js]
[www.softwaresuggest.com/compare/pushnotify-c06ec892c9_.js]
[www.softwaresuggest.com/compare/push-styles-1985883fb1_.css]
[www.softwaresuggest.com/compare/push-conversion-frame-1d0e531e9a_.html]
[www.softwaresuggest.com/compare/popup-tracker-53dc88348c_.js]
[www.softwaresuggest.com/compare/szukaj.wp.pl]
[pagesense-collect.zoho.com/pagesense/initializer/scriptLoader.js]
[www.softwaresuggest.com/compare/popstate.ps]
[cdn.pagesense.io/js/callhippo/00f94549c9564cebb1a1db0bd87cad52.js]
[www.softwaresuggest.com/compare/1504587688_toppr-home.html]
[www.softwaresuggest.com/compare/1504591080_BYJUS-home.html]
[www.softwaresuggest.com/compare/1494407802_Advanced Applicant Tracking.html]
[www.googletagmanager.com/gtm5445.html]
[www.softwaresuggest.com/compare/1580453387_parentsalarm_screenshot.html]
[www.softwaresuggest.com/compare/1504612710_cuemath-home.html]
[www.softwaresuggest.com/assets2/css/newcss/fancybox_sprite.html]
[www.softwaresuggest.com/assets2/css/newcss/fancybox_loading.html]
[www.softwaresuggest.com/assets2/css/newcss/blank.html]
[www.softwaresuggest.com/assets2/css/newcss/fancybox_sprite@2x.html]
[www.softwaresuggest.com/assets2/css/newcss/fancybox_loading@2x.html]
[www.softwaresuggest.com/assets2/css/newcss/images/animated-overlay.html]
[www.softwaresuggest.com/assets2/css/newcss/images/ui-bg_highlight-soft_75_cccccc_1x100.html]
[www.softwaresuggest.com/assets2/css/newcss/images/ui-bg_glass_75_e6e6e6_1x400.html]
[www.softwaresuggest.com/assets2/css/newcss/images/ui-bg_glass_75_dadada_1x400.html]
[www.softwaresuggest.com/assets2/css/newcss/images/ui-bg_glass_65_ffffff_1x400.html]
[www.softwaresuggest.com/assets2/css/newcss/images/ui-bg_glass_55_fbf9ee_1x400.html]
[www.softwaresuggest.com/assets2/css/newcss/images/ui-bg_glass_95_fef1ec_1x400.html]
[www.softwaresuggest.com/assets2/css/newcss/images/ui-icons_222222_256x240.html]
[www.softwaresuggest.com/assets2/css/newcss/images/ui-icons_888888_256x240.html]
[www.softwaresuggest.com/assets2/css/newcss/images/ui-icons_454545_256x240.html]
[www.softwaresuggest.com/assets2/css/newcss/images/ui-icons_2e83ff_256x240.html]
[www.softwaresuggest.com/assets2/css/newcss/images/ui-icons_cd0a0a_256x240.html]
[www.softwaresuggest.com/assets2/css/newcss/images/ui-bg_flat_0_aaaaaa_40x100.html]
[www.softwaresuggest.com/compare/zps-push.html]
[www.softwaresuggest.com/compare/e.html]
[www.softwaresuggest.com/pslog.html]
[www.softwaresuggest.com/compare/szukaj.onet.html]
[www.softwaresuggest.com/compare/heatmapscript-3019d342aa_.html]
[www.softwaresuggest.com/compare/funnel-analysis-20a2ff8b45_.html]
[www.softwaresuggest.com/compare/sessionrecording-b236b6b57e_.html]
[www.softwaresuggest.com/compare/framePageNew-01d072f094_.html]
[www.softwaresuggest.com/compare/formanalytics-bc8a44d39d_.html]
[www.softwaresuggest.com/compare/privacy-banner-3cdaa1d368_.html]
[www.softwaresuggest.com/compare/poll-397f239d75_.html]
[www.softwaresuggest.com/compare/pushnotify-c06ec892c9_.html]
[www.softwaresuggest.com/compare/push-styles-1985883fb1_.html]
[www.softwaresuggest.com/compare/push-conversion-frame-1d0e531e9a_.html]
[www.softwaresuggest.com/compare/popup-tracker-53dc88348c_.html]
[www.softwaresuggest.com/compare/szukaj.wp.html]
[www.softwaresuggest.com/compare/popstate.html]
